---
http_interactions:
- request:
    method: post
    uri: http://localhost:3000/locomotive/api/v3/tokens.json
    body:
      encoding: UTF-8
      string: email=john%40doe.net&password=asimplepassword
    headers:
      User-Agent:
      - Faraday v0.15.4
      Accept:
      - application/json
      Content-Type:
      - application/x-www-form-urlencoded
  response:
    status:
      code: 401
      message: Unauthorized
    headers:
      Content-Type:
      - application/json
      Content-Length:
      - '40'
      Connection:
      - keep-alive
      Status:
      - 401 Unauthorized
      Cache-Control:
      - no-cache
      X-Error-Detail:
      - Invalid email or password.
      X-Runtime:
      - '0.140251'
      X-Request-Id:
      - 0e56e379-e891-41dc-88e0-e47f5e781afe
      Date:
      - Wed, 04 Sep 2019 14:33:27 GMT
      X-Powered-By:
      - Phusion Passenger 6.0.2
      Server:
      - nginx/1.15.8 + Phusion Passenger 6.0.2
    body:
      encoding: UTF-8
      string: '{"message":"Invalid email or password."}'
    http_version: 
  recorded_at: Wed, 04 Sep 2019 14:33:27 GMT
- request:
    method: post
    uri: http://localhost:3000/locomotive/api/v3/my_account.json
    body:
      encoding: UTF-8
      string: account%5Bemail%5D=john%40doe.net&account%5Bname%5D=John&account%5Bpassword%5D=asimplepassword
    headers:
      User-Agent:
      - Faraday v0.15.4
      Accept:
      - application/json
      Content-Type:
      - application/x-www-form-urlencoded
  response:
    status:
      code: 201
      message: Created
    headers:
      Content-Type:
      - application/json
      Content-Length:
      - '250'
      Connection:
      - keep-alive
      Status:
      - 201 Created
      Cache-Control:
      - max-age=0, private, must-revalidate
      ETag:
      - W/"060ae6cbf8fdbfe4f7507960701c4774"
      X-Runtime:
      - '0.027389'
      X-Request-Id:
      - 8008799a-95c9-47a5-85c4-8371639b1b19
      Date:
      - Wed, 04 Sep 2019 14:33:27 GMT
      X-Powered-By:
      - Phusion Passenger 6.0.2
      Server:
      - nginx/1.15.8 + Phusion Passenger 6.0.2
    body:
      encoding: UTF-8
      string: '{"_id":"5d6fcb37cb29bc4c55dc6e86","created_at":"2019-09-04T14:33:27Z","updated_at":"2019-09-04T14:33:27Z","name":"John","email":"john@doe.net","locale":"en","api_key":"9f8be8f3f4afc4727c7c3671877afb76422bb1ce","super_admin":false,"local_admin":false}'
    http_version: 
  recorded_at: Wed, 04 Sep 2019 14:33:27 GMT
- request:
    method: post
    uri: http://localhost:3000/locomotive/api/v3/tokens.json
    body:
      encoding: UTF-8
      string: email=admin%40locomotivecms.com&password=locomotive
    headers:
      User-Agent:
      - Faraday v0.15.4
      Accept:
      - application/json
      Content-Type:
      - application/x-www-form-urlencoded
  response:
    status:
      code: 201
      message: Created
    headers:
      Content-Type:
      - application/json
      Content-Length:
      - '32'
      Connection:
      - keep-alive
      Status:
      - 201 Created
      Cache-Control:
      - max-age=0, private, must-revalidate
      ETag:
      - W/"1904031187aed8c8bc72c81f33e183d1"
      X-Runtime:
      - '0.004971'
      X-Request-Id:
      - b4b5cdd5-63f4-4394-b30d-d5a30c4965d6
      Date:
      - Wed, 04 Sep 2019 14:33:27 GMT
      X-Powered-By:
      - Phusion Passenger 6.0.2
      Server:
      - nginx/1.15.8 + Phusion Passenger 6.0.2
    body:
      encoding: UTF-8
      string: '{"token":"sHvNfno-xAby_zz4rK-6"}'
    http_version: 
  recorded_at: Wed, 04 Sep 2019 14:33:27 GMT
- request:
    method: get
    uri: http://localhost:3000/locomotive/api/v3/my_account.json?auth_token=sHvNfno-xAby_zz4rK-6
    body:
      encoding: US-ASCII
      string: ''
    headers:
      User-Agent:
      - Faraday v0.15.4
      Accept:
      - application/json
      X-Locomotive-Account-Email:
      - admin@locomotivecms.com
      X-Locomotive-Account-Token:
      - sHvNfno-xAby_zz4rK-6
  response:
    status:
      code: 200
      message: OK
    headers:
      Content-Type:
      - application/json
      Transfer-Encoding:
      - chunked
      Connection:
      - keep-alive
      Status:
      - 200 OK
      Cache-Control:
      - max-age=0, private, must-revalidate
      ETag:
      - W/"47e712d4875b0520e4e36006ecb37e42"
      X-Runtime:
      - '0.013054'
      X-Request-Id:
      - 5d9f7213-b19d-4778-87a6-c0a0ff9936af
      Date:
      - Wed, 04 Sep 2019 14:33:27 GMT
      X-Powered-By:
      - Phusion Passenger 6.0.2
      Server:
      - nginx/1.15.8 + Phusion Passenger 6.0.2
      Content-Encoding:
      - gzip
    body:
      encoding: UTF-8
      string: '{"_id":"5d6fcb1acb29bc4ba17a53ff","created_at":"2019-09-04T14:32:58Z","updated_at":"2019-09-04T14:32:58Z","name":"Admin","email":"admin@locomotivecms.com","locale":"en","api_key":"d49cd50f6f0d2b163f48fc73cb249f0244c37074","super_admin":false,"local_admin":true}'
    http_version: 
  recorded_at: Wed, 04 Sep 2019 14:33:27 GMT
- request:
    method: get
    uri: http://localhost:3000/locomotive/api/v3/my_account.json?auth_token=sHvNfno-xAby_zz4rK-6
    body:
      encoding: US-ASCII
      string: ''
    headers:
      User-Agent:
      - Faraday v0.15.4
      Accept:
      - application/json
      X-Locomotive-Account-Email:
      - admin@locomotivecms.com
      X-Locomotive-Account-Token:
      - sHvNfno-xAby_zz4rK-6
  response:
    status:
      code: 200
      message: OK
    headers:
      Content-Type:
      - application/json
      Transfer-Encoding:
      - chunked
      Connection:
      - keep-alive
      Status:
      - 200 OK
      Cache-Control:
      - max-age=0, private, must-revalidate
      ETag:
      - W/"47e712d4875b0520e4e36006ecb37e42"
      X-Runtime:
      - '0.005921'
      X-Request-Id:
      - b66331cd-b446-454b-a4e5-914c00cf33cd
      Date:
      - Wed, 04 Sep 2019 14:33:27 GMT
      X-Powered-By:
      - Phusion Passenger 6.0.2
      Server:
      - nginx/1.15.8 + Phusion Passenger 6.0.2
      Content-Encoding:
      - gzip
    body:
      encoding: UTF-8
      string: '{"_id":"5d6fcb1acb29bc4ba17a53ff","created_at":"2019-09-04T14:32:58Z","updated_at":"2019-09-04T14:32:58Z","name":"Admin","email":"admin@locomotivecms.com","locale":"en","api_key":"d49cd50f6f0d2b163f48fc73cb249f0244c37074","super_admin":false,"local_admin":true}'
    http_version: 
  recorded_at: Wed, 04 Sep 2019 14:33:27 GMT
recorded_with: VCR 4.0.0
