---
http_interactions:
- request:
    method: post
    uri: http://localhost:3000/locomotive/api/v3/tokens.json
    body:
      encoding: UTF-8
      string: email=john%40doe.net&password=asimplepassword
    headers:
      User-Agent:
      - Faraday v0.15.4
      Accept:
      - application/json
      Content-Type:
      - application/x-www-form-urlencoded
  response:
    status:
      code: 401
      message: Unauthorized
    headers:
      Content-Type:
      - application/json
      Content-Length:
      - '40'
      Connection:
      - keep-alive
      Status:
      - 401 Unauthorized
      Cache-Control:
      - no-cache
      X-Error-Detail:
      - Invalid email or password.
      X-Runtime:
      - '0.623161'
      X-Request-Id:
      - 62db9a49-86fa-464a-a7b0-f5acc862b892
      Date:
      - Tue, 14 May 2019 15:14:19 GMT
      X-Powered-By:
      - Phusion Passenger 6.0.2
      Server:
      - nginx/1.15.8 + Phusion Passenger 6.0.2
    body:
      encoding: UTF-8
      string: '{"message":"Invalid email or password."}'
    http_version: 
  recorded_at: Tue, 14 May 2019 15:14:19 GMT
- request:
    method: post
    uri: http://localhost:3000/locomotive/api/v3/my_account.json
    body:
      encoding: UTF-8
      string: account%5Bemail%5D=john%40doe.net&account%5Bname%5D=John&account%5Bpassword%5D=asimplepassword
    headers:
      User-Agent:
      - Faraday v0.15.4
      Accept:
      - application/json
      Content-Type:
      - application/x-www-form-urlencoded
  response:
    status:
      code: 201
      message: Created
    headers:
      Content-Type:
      - application/json
      Content-Length:
      - '250'
      Connection:
      - keep-alive
      Status:
      - 201 Created
      Cache-Control:
      - max-age=0, private, must-revalidate
      ETag:
      - W/"75aff4963865328f2805f3e08354cbac"
      X-Runtime:
      - '0.045412'
      X-Request-Id:
      - 17e4c0e3-b1b7-4610-91ee-1b46d54f7be2
      Date:
      - Tue, 14 May 2019 15:14:19 GMT
      X-Powered-By:
      - Phusion Passenger 6.0.2
      Server:
      - nginx/1.15.8 + Phusion Passenger 6.0.2
    body:
      encoding: UTF-8
      string: '{"_id":"5cdadb4be051bb41bb996fb5","created_at":"2019-05-14T15:14:19Z","updated_at":"2019-05-14T15:14:19Z","name":"John","email":"john@doe.net","locale":"en","api_key":"694c834c72a8aa1fe51766f2620d11bb747f5185","super_admin":false,"local_admin":false}'
    http_version: 
  recorded_at: Tue, 14 May 2019 15:14:19 GMT
- request:
    method: post
    uri: http://localhost:3000/locomotive/api/v3/tokens.json
    body:
      encoding: UTF-8
      string: email=admin%40locomotivecms.com&password=locomotive
    headers:
      User-Agent:
      - Faraday v0.15.4
      Accept:
      - application/json
      Content-Type:
      - application/x-www-form-urlencoded
  response:
    status:
      code: 201
      message: Created
    headers:
      Content-Type:
      - application/json
      Content-Length:
      - '32'
      Connection:
      - keep-alive
      Status:
      - 201 Created
      Cache-Control:
      - max-age=0, private, must-revalidate
      ETag:
      - W/"140d61a189d09d6850825e0ded459388"
      X-Runtime:
      - '0.011846'
      X-Request-Id:
      - ffbd78e3-b95b-48f2-acde-5632790d45bd
      Date:
      - Tue, 14 May 2019 15:14:19 GMT
      X-Powered-By:
      - Phusion Passenger 6.0.2
      Server:
      - nginx/1.15.8 + Phusion Passenger 6.0.2
    body:
      encoding: UTF-8
      string: '{"token":"g2zb7WzRitQDxuXDjz_E"}'
    http_version: 
  recorded_at: Tue, 14 May 2019 15:14:19 GMT
- request:
    method: get
    uri: http://localhost:3000/locomotive/api/v3/my_account.json?auth_token=g2zb7WzRitQDxuXDjz_E
    body:
      encoding: US-ASCII
      string: ''
    headers:
      User-Agent:
      - Faraday v0.15.4
      Accept:
      - application/json
      X-Locomotive-Account-Email:
      - admin@locomotivecms.com
      X-Locomotive-Account-Token:
      - g2zb7WzRitQDxuXDjz_E
  response:
    status:
      code: 200
      message: OK
    headers:
      Content-Type:
      - application/json
      Transfer-Encoding:
      - chunked
      Connection:
      - keep-alive
      Status:
      - 200 OK
      Cache-Control:
      - max-age=0, private, must-revalidate
      ETag:
      - W/"c032461774442dc96b7c3a8ddd685964"
      X-Runtime:
      - '0.024641'
      X-Request-Id:
      - 30a7f33c-6acb-4db3-a922-25c4a5ff2905
      Date:
      - Tue, 14 May 2019 15:14:19 GMT
      X-Powered-By:
      - Phusion Passenger 6.0.2
      Server:
      - nginx/1.15.8 + Phusion Passenger 6.0.2
      Content-Encoding:
      - gzip
    body:
      encoding: UTF-8
      string: '{"_id":"5cdadb38e051bb40c974c538","created_at":"2019-05-14T15:14:00Z","updated_at":"2019-05-14T15:14:00Z","name":"Admin","email":"admin@locomotivecms.com","locale":"en","api_key":"d49cd50f6f0d2b163f48fc73cb249f0244c37074","super_admin":false,"local_admin":true}'
    http_version: 
  recorded_at: Tue, 14 May 2019 15:14:19 GMT
- request:
    method: get
    uri: http://localhost:3000/locomotive/api/v3/my_account.json?auth_token=g2zb7WzRitQDxuXDjz_E
    body:
      encoding: US-ASCII
      string: ''
    headers:
      User-Agent:
      - Faraday v0.15.4
      Accept:
      - application/json
      X-Locomotive-Account-Email:
      - admin@locomotivecms.com
      X-Locomotive-Account-Token:
      - g2zb7WzRitQDxuXDjz_E
  response:
    status:
      code: 200
      message: OK
    headers:
      Content-Type:
      - application/json
      Transfer-Encoding:
      - chunked
      Connection:
      - keep-alive
      Status:
      - 200 OK
      Cache-Control:
      - max-age=0, private, must-revalidate
      ETag:
      - W/"c032461774442dc96b7c3a8ddd685964"
      X-Runtime:
      - '0.011600'
      X-Request-Id:
      - 0da62e9c-8ed2-4dd8-bb74-27b5f88233b4
      Date:
      - Tue, 14 May 2019 15:14:19 GMT
      X-Powered-By:
      - Phusion Passenger 6.0.2
      Server:
      - nginx/1.15.8 + Phusion Passenger 6.0.2
      Content-Encoding:
      - gzip
    body:
      encoding: UTF-8
      string: '{"_id":"5cdadb38e051bb40c974c538","created_at":"2019-05-14T15:14:00Z","updated_at":"2019-05-14T15:14:00Z","name":"Admin","email":"admin@locomotivecms.com","locale":"en","api_key":"d49cd50f6f0d2b163f48fc73cb249f0244c37074","super_admin":false,"local_admin":true}'
    http_version: 
  recorded_at: Tue, 14 May 2019 15:14:19 GMT
recorded_with: VCR 4.0.0
