---
http_interactions:
- request:
    method: post
    uri: http://localhost:3000/locomotive/api/v3/tokens.json
    body:
      encoding: UTF-8
      string: email=john%40doe.net&password=asimplepassword
    headers:
      User-Agent:
      - Faraday v0.15.4
      Accept:
      - application/json
      Content-Type:
      - application/x-www-form-urlencoded
  response:
    status:
      code: 401
      message: Unauthorized
    headers:
      Content-Type:
      - application/json
      Content-Length:
      - '40'
      Connection:
      - keep-alive
      Status:
      - 401 Unauthorized
      Cache-Control:
      - no-cache
      X-Error-Detail:
      - Invalid email or password.
      X-Runtime:
      - '0.146676'
      X-Request-Id:
      - fa1540dd-cb9e-4fb8-8ac3-238361a9bacf
      Date:
      - Tue, 14 May 2019 14:28:17 GMT
      X-Powered-By:
      - Phusion Passenger 6.0.2
      Server:
      - nginx/1.15.8 + Phusion Passenger 6.0.2
    body:
      encoding: UTF-8
      string: '{"message":"Invalid email or password."}'
    http_version: 
  recorded_at: Tue, 14 May 2019 14:28:17 GMT
- request:
    method: post
    uri: http://localhost:3000/locomotive/api/v3/my_account.json
    body:
      encoding: UTF-8
      string: account%5Bemail%5D=john%40doe.net&account%5Bname%5D=John&account%5Bpassword%5D=asimplepassword
    headers:
      User-Agent:
      - Faraday v0.15.4
      Accept:
      - application/json
      Content-Type:
      - application/x-www-form-urlencoded
  response:
    status:
      code: 201
      message: Created
    headers:
      Content-Type:
      - application/json
      Content-Length:
      - '250'
      Connection:
      - keep-alive
      Status:
      - 201 Created
      Cache-Control:
      - max-age=0, private, must-revalidate
      ETag:
      - W/"19ac2c8566898153d0d66f3a7ce71a63"
      X-Runtime:
      - '0.032313'
      X-Request-Id:
      - 6fb3c4fe-91a6-4f76-96a2-4fa49aac0df6
      Date:
      - Tue, 14 May 2019 14:28:17 GMT
      X-Powered-By:
      - Phusion Passenger 6.0.2
      Server:
      - nginx/1.15.8 + Phusion Passenger 6.0.2
    body:
      encoding: UTF-8
      string: '{"_id":"5cdad081e051bb351443d80e","created_at":"2019-05-14T14:28:17Z","updated_at":"2019-05-14T14:28:17Z","name":"John","email":"john@doe.net","locale":"en","api_key":"bd69e90d4d27b6a79c50e43a7f2348b9e5c0283f","super_admin":false,"local_admin":false}'
    http_version: 
  recorded_at: Tue, 14 May 2019 14:28:17 GMT
- request:
    method: post
    uri: http://localhost:3000/locomotive/api/v3/tokens.json
    body:
      encoding: UTF-8
      string: email=admin%40locomotivecms.com&password=locomotive
    headers:
      User-Agent:
      - Faraday v0.15.4
      Accept:
      - application/json
      Content-Type:
      - application/x-www-form-urlencoded
  response:
    status:
      code: 201
      message: Created
    headers:
      Content-Type:
      - application/json
      Content-Length:
      - '32'
      Connection:
      - keep-alive
      Status:
      - 201 Created
      Cache-Control:
      - max-age=0, private, must-revalidate
      ETag:
      - W/"6729cdd83132feb3a8f3c8936fa2a7d4"
      X-Runtime:
      - '0.008877'
      X-Request-Id:
      - fe2cc256-abf8-41f3-a9ec-618e9042d201
      Date:
      - Tue, 14 May 2019 14:28:17 GMT
      X-Powered-By:
      - Phusion Passenger 6.0.2
      Server:
      - nginx/1.15.8 + Phusion Passenger 6.0.2
    body:
      encoding: UTF-8
      string: '{"token":"CQDmJqvBK2fR8tbYE9V_"}'
    http_version: 
  recorded_at: Tue, 14 May 2019 14:28:17 GMT
- request:
    method: get
    uri: http://localhost:3000/locomotive/api/v3/my_account.json?auth_token=CQDmJqvBK2fR8tbYE9V_
    body:
      encoding: US-ASCII
      string: ''
    headers:
      User-Agent:
      - Faraday v0.15.4
      Accept:
      - application/json
      X-Locomotive-Account-Email:
      - admin@locomotivecms.com
      X-Locomotive-Account-Token:
      - CQDmJqvBK2fR8tbYE9V_
  response:
    status:
      code: 200
      message: OK
    headers:
      Content-Type:
      - application/json
      Transfer-Encoding:
      - chunked
      Connection:
      - keep-alive
      Status:
      - 200 OK
      Cache-Control:
      - max-age=0, private, must-revalidate
      ETag:
      - W/"9073b993176cd0ca6c8105127ab0ee2a"
      X-Runtime:
      - '0.018193'
      X-Request-Id:
      - cd12f5f2-df70-4ab8-9e55-d174e94ba3b2
      Date:
      - Tue, 14 May 2019 14:28:17 GMT
      X-Powered-By:
      - Phusion Passenger 6.0.2
      Server:
      - nginx/1.15.8 + Phusion Passenger 6.0.2
      Content-Encoding:
      - gzip
    body:
      encoding: UTF-8
      string: '{"_id":"5cdad052e051bb343622db6f","created_at":"2019-05-14T14:27:30Z","updated_at":"2019-05-14T14:27:30Z","name":"Admin","email":"admin@locomotivecms.com","locale":"en","api_key":"d49cd50f6f0d2b163f48fc73cb249f0244c37074","super_admin":false,"local_admin":true}'
    http_version: 
  recorded_at: Tue, 14 May 2019 14:28:17 GMT
- request:
    method: get
    uri: http://localhost:3000/locomotive/api/v3/my_account.json?auth_token=CQDmJqvBK2fR8tbYE9V_
    body:
      encoding: US-ASCII
      string: ''
    headers:
      User-Agent:
      - Faraday v0.15.4
      Accept:
      - application/json
      X-Locomotive-Account-Email:
      - admin@locomotivecms.com
      X-Locomotive-Account-Token:
      - CQDmJqvBK2fR8tbYE9V_
  response:
    status:
      code: 200
      message: OK
    headers:
      Content-Type:
      - application/json
      Transfer-Encoding:
      - chunked
      Connection:
      - keep-alive
      Status:
      - 200 OK
      Cache-Control:
      - max-age=0, private, must-revalidate
      ETag:
      - W/"9073b993176cd0ca6c8105127ab0ee2a"
      X-Runtime:
      - '0.009061'
      X-Request-Id:
      - af4c8f3a-e63e-4004-83d6-d775304dd73f
      Date:
      - Tue, 14 May 2019 14:28:17 GMT
      X-Powered-By:
      - Phusion Passenger 6.0.2
      Server:
      - nginx/1.15.8 + Phusion Passenger 6.0.2
      Content-Encoding:
      - gzip
    body:
      encoding: UTF-8
      string: '{"_id":"5cdad052e051bb343622db6f","created_at":"2019-05-14T14:27:30Z","updated_at":"2019-05-14T14:27:30Z","name":"Admin","email":"admin@locomotivecms.com","locale":"en","api_key":"d49cd50f6f0d2b163f48fc73cb249f0244c37074","super_admin":false,"local_admin":true}'
    http_version: 
  recorded_at: Tue, 14 May 2019 14:28:17 GMT
recorded_with: VCR 4.0.0
